#
# There is insufficient memory for the Java Runtime Environment to continue.
# Native memory allocation (malloc) failed to allocate 915744 bytes for Chunk::new
# Possible reasons:
#   The system is out of physical RAM or swap space
#   The process is running with CompressedOops enabled, and the Java Heap may be blocking the growth of the native heap
# Possible solutions:
#   Reduce memory load on the system
#   Increase physical memory or swap space
#   Check if swap backing store is full
#   Decrease Java heap size (-Xmx/-Xms)
#   Decrease number of Java threads
#   Decrease Java thread stack sizes (-Xss)
#   Set larger code cache with -XX:ReservedCodeCacheSize=
#   JVM is running with Unscaled Compressed Oops mode in which the Java heap is
#     placed in the first 4GB address space. The Java Heap base address is the
#     maximum limit for the native heap growth. Please use -XX:HeapBaseMinAddress
#     to set the Java Heap base and to place the Java Heap above 4GB virtual address.
# This output file may be truncated or incomplete.
#
#  Out of Memory Error (arena.cpp:189), pid=7412, tid=5532
#
# JRE version: Java(TM) SE Runtime Environment (17.0.12+8) (build 17.0.12+8-LTS-286)
# Java VM: Java HotSpot(TM) 64-Bit Server VM (17.0.12+8-LTS-286, mixed mode, sharing, tiered, compressed oops, compressed class ptrs, g1 gc, windows-amd64)
# No core dump will be written. Minidumps are not enabled by default on client versions of Windows
#

---------------  S U M M A R Y ------------

Command Line: --enable-native-access=ALL-UNNAMED -Dclassworlds.conf=C:\Users\guilh\.m2\wrapper\dists\apache-maven-3.9.16\0daed3be3ebd1c706f0e69e8b07c6b73f5cc4ea3dfce72a8d0ec2e849ca2ddb0\bin\m2.conf -Dmaven.home=C:\Users\guilh\.m2\wrapper\dists\apache-maven-3.9.16\0daed3be3ebd1c706f0e69e8b07c6b73f5cc4ea3dfce72a8d0ec2e849ca2ddb0 -Dlibrary.jansi.path=C:\Users\guilh\.m2\wrapper\dists\apache-maven-3.9.16\0daed3be3ebd1c706f0e69e8b07c6b73f5cc4ea3dfce72a8d0ec2e849ca2ddb0\lib\jansi-native -Dmaven.multiModuleProjectDirectory=C:\Users\guilh\Desktop\Graficos\ProjectAPI_ThirdSemester\backend\ms-operacoes org.codehaus.plexus.classworlds.launcher.Launcher spring-boot:run

Host: 13th Gen Intel(R) Core(TM) i5-1335U, 12 cores, 7G,  Windows 11 , 64 bit Build 26100 (10.0.26100.9444)
Time: Fri Sep 25 08:56:07 2026 Hora oficial do Brasil elapsed time: 128.270042 seconds (0d 0h 2m 8s)

---------------  T H R E A D  ---------------

Current thread (0x000001e8d00af510):  JavaThread "C2 CompilerThread0" daemon [_thread_in_native, id=5532, stack(0x00000068d7a00000,0x00000068d7b00000)]


Current CompileTask:
C2: 128271 9407 %     4       java.util.zip.ZipFile$Source::initCEN @ 240 (591 bytes)

Stack: [0x00000068d7a00000,0x00000068d7b00000]
Native frames: (J=compiled Java code, j=interpreted, Vv=VM code, C=native code)
V  [jvm.dll+0x67a04a]
V  [jvm.dll+0x7da4ed]
V  [jvm.dll+0x7dbe33]
V  [jvm.dll+0x7dc4a3]
V  [jvm.dll+0x24508f]
V  [jvm.dll+0xab773]
V  [jvm.dll+0xabd3c]
V  [jvm.dll+0x361bee]
V  [jvm.dll+0x1ba64a]
V  [jvm.dll+0x216997]
V  [jvm.dll+0x215c6f]
V  [jvm.dll+0x1a2960]
V  [jvm.dll+0x22610b]
V  [jvm.dll+0x2242ab]
V  [jvm.dll+0x79075c]
V  [jvm.dll+0x78abea]
V  [jvm.dll+0x678f35]
C  [ucrtbase.dll+0x2cd30]
C  [KERNEL32.DLL+0x2cd87]
C  [ntdll.dll+0xacaec]


---------------  P R O C E S S  ---------------

Threads class SMR info:
_java_thread_list=0x000001e9163e4d50, length=13, elements={
0x000001e8b1d204a0, 0x000001e8d0091440, 0x000001e8d0092970, 0x000001e8d00aab10,
0x000001e8d00ad3f0, 0x000001e8d00addb0, 0x000001e8d00ae770, 0x000001e8d00af510,
0x000001e8d00b84b0, 0x000001e8d00c3a20, 0x000001e8d031af90, 0x000001e8d0330100,
0x000001e8d07327c0
}

Java Threads: ( => current thread )
  0x000001e8b1d204a0 JavaThread "main" [_thread_in_Java, id=21952, stack(0x00000068d6d00000,0x00000068d6e00000)]
  0x000001e8d0091440 JavaThread "Reference Handler" daemon [_thread_blocked, id=22008, stack(0x00000068d7400000,0x00000068d7500000)]
  0x000001e8d0092970 JavaThread "Finalizer" daemon [_thread_blocked, id=17540, stack(0x00000068d7500000,0x00000068d7600000)]
  0x000001e8d00aab10 JavaThread "Signal Dispatcher" daemon [_thread_blocked, id=8080, stack(0x00000068d7600000,0x00000068d7700000)]
  0x000001e8d00ad3f0 JavaThread "Attach Listener" daemon [_thread_blocked, id=22284, stack(0x00000068d7700000,0x00000068d7800000)]
  0x000001e8d00addb0 JavaThread "Service Thread" daemon [_thread_blocked, id=11360, stack(0x00000068d7800000,0x00000068d7900000)]
  0x000001e8d00ae770 JavaThread "Monitor Deflation Thread" daemon [_thread_blocked, id=24056, stack(0x00000068d7900000,0x00000068d7a00000)]
=>0x000001e8d00af510 JavaThread "C2 CompilerThread0" daemon [_thread_in_native, id=5532, stack(0x00000068d7a00000,0x00000068d7b00000)]
  0x000001e8d00b84b0 JavaThread "C1 CompilerThread0" daemon [_thread_blocked, id=19308, stack(0x00000068d7b00000,0x00000068d7c00000)]
  0x000001e8d00c3a20 JavaThread "Sweeper thread" daemon [_thread_blocked, id=5596, stack(0x00000068d7c00000,0x00000068d7d00000)]
  0x000001e8d031af90 JavaThread "Notification Thread" daemon [_thread_blocked, id=12664, stack(0x00000068d7d00000,0x00000068d7e00000)]
  0x000001e8d0330100 JavaThread "Common-Cleaner" daemon [_thread_blocked, id=6488, stack(0x00000068d7f00000,0x00000068d8000000)]
  0x000001e8d07327c0 JavaThread "Thread-1" daemon [_thread_blocked, id=10128, stack(0x00000068d8700000,0x00000068d8800000)]

Other Threads:
  0x000001e8d008b380 VMThread "VM Thread" [stack: 0x00000068d7300000,0x00000068d7400000] [id=12660]
  0x000001e8d03278a0 WatcherThread [stack: 0x00000068d7e00000,0x00000068d7f00000] [id=7900]
  0x000001e8b1d7b790 GCTaskThread "GC Thread#0" [stack: 0x00000068d6e00000,0x00000068d6f00000] [id=22120]
  0x000001e8d0cf9a60 GCTaskThread "GC Thread#1" [stack: 0x00000068d8000000,0x00000068d8100000] [id=20860]
  0x000001e8d0a875a0 GCTaskThread "GC Thread#2" [stack: 0x00000068d8100000,0x00000068d8200000] [id=15948]
  0x000001e8d0c71720 GCTaskThread "GC Thread#3" [stack: 0x00000068d8200000,0x00000068d8300000] [id=8200]
  0x000001e8d0c71df0 GCTaskThread "GC Thread#4" [stack: 0x00000068d8300000,0x00000068d8400000] [id=8028]
  0x000001e8d0c72cc0 GCTaskThread "GC Thread#5" [stack: 0x00000068d8400000,0x00000068d8500000] [id=19208]
  0x000001e8d0c2b2f0 GCTaskThread "GC Thread#6" [stack: 0x00000068d8500000,0x00000068d8600000] [id=3516]
  0x000001e8d0de5330 GCTaskThread "GC Thread#7" [stack: 0x00000068d8600000,0x00000068d8700000] [id=15088]
  0x000001e91606f5a0 GCTaskThread "GC Thread#8" [stack: 0x00000068d8800000,0x00000068d8900000] [id=20716]
  0x000001e91606f860 GCTaskThread "GC Thread#9" [stack: 0x00000068d8900000,0x00000068d8a00000] [id=6388]
  0x000001e8b1d8bd20 ConcurrentGCThread "G1 Main Marker" [stack: 0x00000068d6f00000,0x00000068d7000000] [id=23500]
  0x000001e8b1d8d400 ConcurrentGCThread "G1 Conc#0" [stack: 0x00000068d7000000,0x00000068d7100000] [id=11124]
  0x000001e916b7c7d0 ConcurrentGCThread "G1 Conc#1" [stack: 0x00000068d8a00000,0x00000068d8b00000] [id=14784]
  0x000001e8d046b0e0 ConcurrentGCThread "G1 Conc#2" [stack: 0x00000068d8b00000,0x00000068d8c00000] [id=1184]
  0x000001e8b1ded610 ConcurrentGCThread "G1 Refine#0" [stack: 0x00000068d7100000,0x00000068d7200000] [id=21788]
  0x000001e916808080 ConcurrentGCThread "G1 Refine#1" [stack: 0x00000068d6b00000,0x00000068d6c00000] [id=22504]
  0x000001e8cff38240 ConcurrentGCThread "G1 Service" [stack: 0x00000068d7200000,0x00000068d7300000] [id=2768]

Threads with active compile tasks:
C2 CompilerThread0   128402 9407 %     4       java.util.zip.ZipFile$Source::initCEN @ 240 (591 bytes)

VM state: not at safepoint (normal execution)

VM Mutex/Monitor currently owned by a thread: None

Heap address: 0x0000000084e00000, size: 1970 MB, Compressed Oops mode: 32-bit

CDS archive(s) mapped at: [0x000001e8d1000000-0x000001e8d1bd0000-0x000001e8d1bd0000), size 12386304, SharedBaseAddress: 0x000001e8d1000000, ArchiveRelocationMode: 1.
Compressed class space mapped at: 0x000001e8d2000000-0x000001e912000000, reserved size: 1073741824
Narrow klass base: 0x000001e8d1000000, Narrow klass shift: 0, Narrow klass range: 0x100000000

GC Precious Log:
 CPUs: 12 total, 12 available
 Memory: 7875M
 Large Page Support: Disabled
 NUMA Support: Disabled
 Compressed Oops: Enabled (32-bit)
 Heap Region Size: 1M
 Heap Min Capacity: 8M
 Heap Initial Capacity: 124M
 Heap Max Capacity: 1970M
 Pre-touch: Disabled
 Parallel Workers: 10
 Concurrent Workers: 3
 Concurrent Refinement Workers: 10
 Periodic GC: Disabled

Heap:
 garbage-first heap   total 153600K, used 99442K [0x0000000084e00000, 0x0000000100000000)
  region size 1024K, 40 young (40960K), 4 survivors (4096K)
 Metaspace       used 33532K, committed 33920K, reserved 1114112K
  class space    used 3762K, committed 3904K, reserved 1048576K

Heap Regions: E=young(eden), S=young(survivor), O=old, HS=humongous(starts), HC=humongous(continues), CS=collection set, F=free, OA=open archive, CA=closed archive, TAMS=top-at-mark-start (previous, next)
|   0|0x0000000084e00000, 0x0000000084f00000, 0x0000000084f00000|100%| O|  |TAMS 0x0000000084f00000, 0x0000000084e00000| Untracked 
|   1|0x0000000084f00000, 0x0000000085000000, 0x0000000085000000|100%| O|  |TAMS 0x0000000085000000, 0x0000000084f00000| Untracked 
|   2|0x0000000085000000, 0x0000000085100000, 0x0000000085100000|100%| O|  |TAMS 0x0000000085100000, 0x0000000085000000| Untracked 
|   3|0x0000000085100000, 0x0000000085200000, 0x0000000085200000|100%| O|  |TAMS 0x0000000085200000, 0x0000000085100000| Untracked 
|   4|0x0000000085200000, 0x0000000085300000, 0x0000000085300000|100%| O|  |TAMS 0x0000000085300000, 0x0000000085200000| Untracked 
|   5|0x0000000085300000, 0x0000000085400000, 0x0000000085400000|100%| O|  |TAMS 0x0000000085400000, 0x0000000085300000| Untracked 
|   6|0x0000000085400000, 0x0000000085500000, 0x0000000085500000|100%| O|  |TAMS 0x0000000085500000, 0x0000000085400000| Untracked 
|   7|0x0000000085500000, 0x0000000085600000, 0x0000000085600000|100%| O|  |TAMS 0x0000000085600000, 0x0000000085500000| Untracked 
|   8|0x0000000085600000, 0x0000000085700000, 0x0000000085700000|100%| O|  |TAMS 0x0000000085700000, 0x0000000085600000| Untracked 
|   9|0x0000000085700000, 0x0000000085800000, 0x0000000085800000|100%| O|  |TAMS 0x0000000085800000, 0x0000000085700000| Untracked 
|  10|0x0000000085800000, 0x0000000085900000, 0x0000000085900000|100%| O|  |TAMS 0x0000000085800000, 0x0000000085800000| Untracked 
|  11|0x0000000085900000, 0x0000000085a00000, 0x0000000085a00000|100%| O|  |TAMS 0x0000000085a00000, 0x0000000085900000| Untracked 
|  12|0x0000000085a00000, 0x0000000085b00000, 0x0000000085b00000|100%| O|  |TAMS 0x0000000085b00000, 0x0000000085a00000| Untracked 
|  13|0x0000000085b00000, 0x0000000085c00000, 0x0000000085c00000|100%|HS|  |TAMS 0x0000000085c00000, 0x0000000085b00000| Complete 
|  14|0x0000000085c00000, 0x0000000085d00000, 0x0000000085d00000|100%|HC|  |TAMS 0x0000000085d00000, 0x0000000085c00000| Complete 
|  15|0x0000000085d00000, 0x0000000085e00000, 0x0000000085e00000|100%|HS|  |TAMS 0x0000000085e00000, 0x0000000085d00000| Complete 
|  16|0x0000000085e00000, 0x0000000085f00000, 0x0000000085f00000|100%| O|  |TAMS 0x0000000085f00000, 0x0000000085e00000| Untracked 
|  17|0x0000000085f00000, 0x0000000086000000, 0x0000000086000000|100%| O|  |TAMS 0x0000000086000000, 0x0000000085f00000| Untracked 
|  18|0x0000000086000000, 0x0000000086100000, 0x0000000086100000|100%| O|  |TAMS 0x0000000086100000, 0x0000000086000000| Untracked 
|  19|0x0000000086100000, 0x0000000086200000, 0x0000000086200000|100%|HS|  |TAMS 0x0000000086100000, 0x0000000086100000| Complete 
|  20|0x0000000086200000, 0x0000000086300000, 0x0000000086300000|100%| O|  |TAMS 0x0000000086200000, 0x0000000086200000| Untracked 
|  21|0x0000000086300000, 0x0000000086400000, 0x0000000086400000|100%| O|  |TAMS 0x0000000086400000, 0x0000000086300000| Untracked 
|  22|0x0000000086400000, 0x0000000086500000, 0x0000000086500000|100%| O|  |TAMS 0x0000000086500000, 0x0000000086400000| Untracked 
|  23|0x0000000086500000, 0x0000000086600000, 0x0000000086600000|100%| O|  |TAMS 0x0000000086600000, 0x0000000086500000| Untracked 
|  24|0x0000000086600000, 0x0000000086700000, 0x0000000086700000|100%| O|  |TAMS 0x0000000086700000, 0x0000000086600000| Untracked 
|  25|0x0000000086700000, 0x0000000086800000, 0x0000000086800000|100%| O|  |TAMS 0x0000000086800000, 0x0000000086700000| Untracked 
|  26|0x0000000086800000, 0x0000000086900000, 0x0000000086900000|100%| O|  |TAMS 0x0000000086900000, 0x0000000086800000| Untracked 
|  27|0x0000000086900000, 0x0000000086a00000, 0x0000000086a00000|100%| O|  |TAMS 0x0000000086a00000, 0x0000000086900000| Untracked 
|  28|0x0000000086a00000, 0x0000000086b00000, 0x0000000086b00000|100%| O|  |TAMS 0x0000000086b00000, 0x0000000086a00000| Untracked 
|  29|0x0000000086b00000, 0x0000000086c00000, 0x0000000086c00000|100%| O|  |TAMS 0x0000000086c00000, 0x0000000086b00000| Untracked 
|  30|0x0000000086c00000, 0x0000000086d00000, 0x0000000086d00000|100%| O|  |TAMS 0x0000000086d00000, 0x0000000086c00000| Untracked 
|  31|0x0000000086d00000, 0x0000000086e00000, 0x0000000086e00000|100%| O|  |TAMS 0x0000000086e00000, 0x0000000086d00000| Untracked 
|  32|0x0000000086e00000, 0x0000000086f00000, 0x0000000086f00000|100%| O|  |TAMS 0x0000000086e00000, 0x0000000086e00000| Untracked 
|  33|0x0000000086f00000, 0x0000000087000000, 0x0000000087000000|100%| O|  |TAMS 0x0000000086f00000, 0x0000000086f00000| Untracked 
|  34|0x0000000087000000, 0x0000000087100000, 0x0000000087100000|100%| O|  |TAMS 0x0000000087000000, 0x0000000087000000| Untracked 
|  35|0x0000000087100000, 0x0000000087200000, 0x0000000087200000|100%| O|  |TAMS 0x0000000087100000, 0x0000000087100000| Untracked 
|  36|0x0000000087200000, 0x0000000087300000, 0x0000000087300000|100%| O|  |TAMS 0x0000000087200000, 0x0000000087200000| Untracked 
|  37|0x0000000087300000, 0x0000000087400000, 0x0000000087400000|100%| O|  |TAMS 0x0000000087300000, 0x0000000087300000| Untracked 
|  38|0x0000000087400000, 0x0000000087500000, 0x0000000087500000|100%| O|  |TAMS 0x0000000087400000, 0x0000000087400000| Untracked 
|  39|0x0000000087500000, 0x0000000087600000, 0x0000000087600000|100%| O|  |TAMS 0x0000000087500000, 0x0000000087500000| Untracked 
|  40|0x0000000087600000, 0x0000000087700000, 0x0000000087700000|100%|HS|  |TAMS 0x0000000087600000, 0x0000000087600000| Complete 
|  41|0x0000000087700000, 0x0000000087800000, 0x0000000087800000|100%|HC|  |TAMS 0x0000000087700000, 0x0000000087700000| Complete 
|  42|0x0000000087800000, 0x0000000087900000, 0x0000000087900000|100%| O|  |TAMS 0x0000000087800000, 0x0000000087800000| Untracked 
|  43|0x0000000087900000, 0x0000000087a00000, 0x0000000087a00000|100%| O|  |TAMS 0x0000000087900000, 0x0000000087900000| Untracked 
|  44|0x0000000087a00000, 0x0000000087b00000, 0x0000000087b00000|100%| O|  |TAMS 0x0000000087a00000, 0x0000000087a00000| Untracked 
|  45|0x0000000087b00000, 0x0000000087c00000, 0x0000000087c00000|100%| O|  |TAMS 0x0000000087b00000, 0x0000000087b00000| Untracked 
|  46|0x0000000087c00000, 0x0000000087d00000, 0x0000000087d00000|100%| O|  |TAMS 0x0000000087c00000, 0x0000000087c00000| Untracked 
|  47|0x0000000087d00000, 0x0000000087e00000, 0x0000000087e00000|100%| O|  |TAMS 0x0000000087d00000, 0x0000000087d00000| Untracked 
|  48|0x0000000087e00000, 0x0000000087f00000, 0x0000000087f00000|100%| O|  |TAMS 0x0000000087e00000, 0x0000000087e00000| Untracked 
|  49|0x0000000087f00000, 0x0000000088000000, 0x0000000088000000|100%| O|  |TAMS 0x0000000087f00000, 0x0000000087f00000| Untracked 
|  50|0x0000000088000000, 0x0000000088100000, 0x0000000088100000|100%| O|  |TAMS 0x0000000088000000, 0x0000000088000000| Untracked 
|  51|0x0000000088100000, 0x0000000088200000, 0x0000000088200000|100%| O|  |TAMS 0x0000000088100000, 0x0000000088100000| Untracked 
|  52|0x0000000088200000, 0x0000000088300000, 0x0000000088300000|100%| O|  |TAMS 0x0000000088200000, 0x0000000088200000| Untracked 
|  53|0x0000000088300000, 0x0000000088333200, 0x0000000088400000| 19%| O|  |TAMS 0x0000000088300000, 0x0000000088300000| Untracked 
|  54|0x0000000088400000, 0x0000000088400000, 0x0000000088500000|  0%| F|  |TAMS 0x0000000088400000, 0x0000000088400000| Untracked 
|  55|0x0000000088500000, 0x0000000088500000, 0x0000000088600000|  0%| F|  |TAMS 0x0000000088500000, 0x0000000088500000| Untracked 
|  56|0x0000000088600000, 0x0000000088700000, 0x0000000088700000|100%| O|  |TAMS 0x0000000088600000, 0x0000000088600000| Untracked 
|  57|0x0000000088700000, 0x0000000088800000, 0x0000000088800000|100%| O|  |TAMS 0x0000000088700000, 0x0000000088700000| Untracked 
|  58|0x0000000088800000, 0x0000000088800000, 0x0000000088900000|  0%| F|  |TAMS 0x0000000088800000, 0x0000000088800000| Untracked 
|  59|0x0000000088900000, 0x0000000088900000, 0x0000000088a00000|  0%| F|  |TAMS 0x0000000088900000, 0x0000000088900000| Untracked 
|  60|0x0000000088a00000, 0x0000000088a00000, 0x0000000088b00000|  0%| F|  |TAMS 0x0000000088a00000, 0x0000000088a00000| Untracked 
|  61|0x0000000088b00000, 0x0000000088b00000, 0x0000000088c00000|  0%| F|  |TAMS 0x0000000088b00000, 0x0000000088b00000| Untracked 
|  62|0x0000000088c00000, 0x0000000088c00000, 0x0000000088d00000|  0%| F|  |TAMS 0x0000000088c00000, 0x0000000088c00000| Untracked 
|  63|0x0000000088d00000, 0x0000000088d00000, 0x0000000088e00000|  0%| F|  |TAMS 0x0000000088d00000, 0x0000000088d00000| Untracked 
|  64|0x0000000088e00000, 0x0000000088e00000, 0x0000000088f00000|  0%| F|  |TAMS 0x0000000088e00000, 0x0000000088e00000| Untracked 
|  65|0x0000000088f00000, 0x0000000088f00000, 0x0000000089000000|  0%| F|  |TAMS 0x0000000088f00000, 0x0000000088f00000| Untracked 
|  66|0x0000000089000000, 0x0000000089000000, 0x0000000089100000|  0%| F|  |TAMS 0x0000000089000000, 0x0000000089000000| Untracked 
|  67|0x0000000089100000, 0x0000000089100000, 0x0000000089200000|  0%| F|  |TAMS 0x0000000089100000, 0x0000000089100000| Untracked 
|  68|0x0000000089200000, 0x0000000089200000, 0x0000000089300000|  0%| F|  |TAMS 0x0000000089200000, 0x0000000089200000| Untracked 
|  69|0x0000000089300000, 0x0000000089300000, 0x0000000089400000|  0%| F|  |TAMS 0x0000000089300000, 0x0000000089300000| Untracked 
|  70|0x0000000089400000, 0x0000000089400000, 0x0000000089500000|  0%| F|  |TAMS 0x0000000089400000, 0x0000000089400000| Untracked 
|  71|0x0000000089500000, 0x0000000089500000, 0x0000000089600000|  0%| F|  |TAMS 0x0000000089500000, 0x0000000089500000| Untracked 
|  72|0x0000000089600000, 0x0000000089600000, 0x0000000089700000|  0%| F|  |TAMS 0x0000000089600000, 0x0000000089600000| Untracked 
|  73|0x0000000089700000, 0x0000000089700000, 0x0000000089800000|  0%| F|  |TAMS 0x0000000089700000, 0x0000000089700000| Untracked 
|  74|0x0000000089800000, 0x0000000089800000, 0x0000000089900000|  0%| F|  |TAMS 0x0000000089800000, 0x0000000089800000| Untracked 
|  75|0x0000000089900000, 0x0000000089900000, 0x0000000089a00000|  0%| F|  |TAMS 0x0000000089900000, 0x0000000089900000| Untracked 
|  76|0x0000000089a00000, 0x0000000089a00000, 0x0000000089b00000|  0%| F|  |TAMS 0x0000000089a00000, 0x0000000089a00000| Untracked 
|  77|0x0000000089b00000, 0x0000000089b00000, 0x0000000089c00000|  0%| F|  |TAMS 0x0000000089b00000, 0x0000000089b00000| Untracked 
|  78|0x0000000089c00000, 0x0000000089c00000, 0x0000000089d00000|  0%| F|  |TAMS 0x0000000089c00000, 0x0000000089c00000| Untracked 
|  79|0x0000000089d00000, 0x0000000089d00000, 0x0000000089e00000|  0%| F|  |TAMS 0x0000000089d00000, 0x0000000089d00000| Untracked 
|  80|0x0000000089e00000, 0x0000000089e00000, 0x0000000089f00000|  0%| F|  |TAMS 0x0000000089e00000, 0x0000000089e00000| Untracked 
|  81|0x0000000089f00000, 0x0000000089f00000, 0x000000008a000000|  0%| F|  |TAMS 0x0000000089f00000, 0x0000000089f00000| Untracked 
|  82|0x000000008a000000, 0x000000008a000000, 0x000000008a100000|  0%| F|  |TAMS 0x000000008a000000, 0x000000008a000000| Untracked 
|  83|0x000000008a100000, 0x000000008a100000, 0x000000008a200000|  0%| F|  |TAMS 0x000000008a100000, 0x000000008a100000| Untracked 
|  84|0x000000008a200000, 0x000000008a200000, 0x000000008a300000|  0%| F|  |TAMS 0x000000008a200000, 0x000000008a200000| Untracked 
|  85|0x000000008a300000, 0x000000008a300000, 0x000000008a400000|  0%| F|  |TAMS 0x000000008a300000, 0x000000008a300000| Untracked 
|  86|0x000000008a400000, 0x000000008a400000, 0x000000008a500000|  0%| F|  |TAMS 0x000000008a400000, 0x000000008a400000| Untracked 
|  87|0x000000008a500000, 0x000000008a500000, 0x000000008a600000|  0%| F|  |TAMS 0x000000008a500000, 0x000000008a500000| Untracked 
|  88|0x000000008a600000, 0x000000008a600000, 0x000000008a700000|  0%| F|  |TAMS 0x000000008a600000, 0x000000008a600000| Untracked 
|  89|0x000000008a700000, 0x000000008a700000, 0x000000008a800000|  0%| F|  |TAMS 0x000000008a700000, 0x000000008a700000| Untracked 
|  90|0x000000008a800000, 0x000000008a800000, 0x000000008a900000|  0%| F|  |TAMS 0x000000008a800000, 0x000000008a800000| Untracked 
|  91|0x000000008a900000, 0x000000008a900000, 0x000000008aa00000|  0%| F|  |TAMS 0x000000008a900000, 0x000000008a900000| Untracked 
|  92|0x000000008aa00000, 0x000000008aa00000, 0x000000008ab00000|  0%| F|  |TAMS 0x000000008aa00000, 0x000000008aa00000| Untracked 
|  93|0x000000008ab00000, 0x000000008ab00000, 0x000000008ac00000|  0%| F|  |TAMS 0x000000008ab00000, 0x000000008ab00000| Untracked 
|  94|0x000000008ac00000, 0x000000008ace9878, 0x000000008ad00000| 91%| S|CS|TAMS 0x000000008ac00000, 0x000000008ac00000| Complete 
|  95|0x000000008ad00000, 0x000000008ae00000, 0x000000008ae00000|100%| S|CS|TAMS 0x000000008ad00000, 0x000000008ad00000| Complete 
|  96|0x000000008ae00000, 0x000000008af00000, 0x000000008af00000|100%| S|CS|TAMS 0x000000008ae00000, 0x000000008ae00000| Complete 
|  97|0x000000008af00000, 0x000000008af00000, 0x000000008b000000|  0%| F|  |TAMS 0x000000008af00000, 0x000000008af00000| Untracked 
|  98|0x000000008b000000, 0x000000008b000000, 0x000000008b100000|  0%| F|  |TAMS 0x000000008b000000, 0x000000008b000000| Untracked 
|  99|0x000000008b100000, 0x000000008b100000, 0x000000008b200000|  0%| F|  |TAMS 0x000000008b100000, 0x000000008b100000| Untracked 
| 100|0x000000008b200000, 0x000000008b200000, 0x000000008b300000|  0%| F|  |TAMS 0x000000008b200000, 0x000000008b200000| Untracked 
| 101|0x000000008b300000, 0x000000008b300000, 0x000000008b400000|  0%| F|  |TAMS 0x000000008b300000, 0x000000008b300000| Untracked 
| 102|0x000000008b400000, 0x000000008b400000, 0x000000008b500000|  0%| F|  |TAMS 0x000000008b400000, 0x000000008b400000| Untracked 
| 103|0x000000008b500000, 0x000000008b600000, 0x000000008b600000|100%| S|CS|TAMS 0x000000008b500000, 0x000000008b500000| Complete 
| 104|0x000000008b600000, 0x000000008b600000, 0x000000008b700000|  0%| F|  |TAMS 0x000000008b600000, 0x000000008b600000| Untracked 
| 105|0x000000008b700000, 0x000000008b700000, 0x000000008b800000|  0%| F|  |TAMS 0x000000008b700000, 0x000000008b700000| Untracked 
| 106|0x000000008b800000, 0x000000008b800000, 0x000000008b900000|  0%| F|  |TAMS 0x000000008b800000, 0x000000008b800000| Untracked 
| 107|0x000000008b900000, 0x000000008b900000, 0x000000008ba00000|  0%| F|  |TAMS 0x000000008b900000, 0x000000008b900000| Untracked 
| 108|0x000000008ba00000, 0x000000008ba00000, 0x000000008bb00000|  0%| F|  |TAMS 0x000000008ba00000, 0x000000008ba00000| Untracked 
| 109|0x000000008bb00000, 0x000000008bb00000, 0x000000008bc00000|  0%| F|  |TAMS 0x000000008bb00000, 0x000000008bb00000| Untracked 
| 110|0x000000008bc00000, 0x000000008bc00000, 0x000000008bd00000|  0%| F|  |TAMS 0x000000008bc00000, 0x000000008bc00000| Untracked 
| 111|0x000000008bd00000, 0x000000008be00000, 0x000000008be00000|100%| E|  |TAMS 0x000000008bd00000, 0x000000008bd00000| Complete 
| 112|0x000000008be00000, 0x000000008bf00000, 0x000000008bf00000|100%| E|CS|TAMS 0x000000008be00000, 0x000000008be00000| Complete 
| 113|0x000000008bf00000, 0x000000008c000000, 0x000000008c000000|100%| E|CS|TAMS 0x000000008bf00000, 0x000000008bf00000| Complete 
| 114|0x000000008c000000, 0x000000008c100000, 0x000000008c100000|100%| E|CS|TAMS 0x000000008c000000, 0x000000008c000000| Complete 
| 115|0x000000008c100000, 0x000000008c200000, 0x000000008c200000|100%| E|CS|TAMS 0x000000008c100000, 0x000000008c100000| Complete 
| 116|0x000000008c200000, 0x000000008c300000, 0x000000008c300000|100%| E|CS|TAMS 0x000000008c200000, 0x000000008c200000| Complete 
| 117|0x000000008c300000, 0x000000008c400000, 0x000000008c400000|100%| E|CS|TAMS 0x000000008c300000, 0x000000008c300000| Complete 
| 118|0x000000008c400000, 0x000000008c500000, 0x000000008c500000|100%| E|CS|TAMS 0x000000008c400000, 0x000000008c400000| Complete 
| 119|0x000000008c500000, 0x000000008c600000, 0x000000008c600000|100%| E|CS|TAMS 0x000000008c500000, 0x000000008c500000| Complete 
| 120|0x000000008c600000, 0x000000008c700000, 0x000000008c700000|100%| E|CS|TAMS 0x000000008c600000, 0x000000008c600000| Complete 
| 121|0x000000008c700000, 0x000000008c800000, 0x000000008c800000|100%| E|CS|TAMS 0x000000008c700000, 0x000000008c700000| Complete 
| 122|0x000000008c800000, 0x000000008c900000, 0x000000008c900000|100%| E|CS|TAMS 0x000000008c800000, 0x000000008c800000| Complete 
| 123|0x000000008c900000, 0x000000008ca00000, 0x000000008ca00000|100%| E|CS|TAMS 0x000000008c900000, 0x000000008c900000| Complete 
| 124|0x000000008ca00000, 0x000000008cb00000, 0x000000008cb00000|100%| E|CS|TAMS 0x000000008ca00000, 0x000000008ca00000| Complete 
| 125|0x000000008cb00000, 0x000000008cc00000, 0x000000008cc00000|100%| E|CS|TAMS 0x000000008cb00000, 0x000000008cb00000| Complete 
| 126|0x000000008cc00000, 0x000000008cd00000, 0x000000008cd00000|100%| E|CS|TAMS 0x000000008cc00000, 0x000000008cc00000| Complete 
| 127|0x000000008cd00000, 0x000000008ce00000, 0x000000008ce00000|100%| E|CS|TAMS 0x000000008cd00000, 0x000000008cd00000| Complete 
| 128|0x000000008ce00000, 0x000000008cf00000, 0x000000008cf00000|100%| E|CS|TAMS 0x000000008ce00000, 0x000000008ce00000| Complete 
| 129|0x000000008cf00000, 0x000000008d000000, 0x000000008d000000|100%| E|CS|TAMS 0x000000008cf00000, 0x000000008cf00000| Complete 
| 130|0x000000008d000000, 0x000000008d100000, 0x000000008d100000|100%| E|CS|TAMS 0x000000008d000000, 0x000000008d000000| Complete 
| 131|0x000000008d100000, 0x000000008d200000, 0x000000008d200000|100%| E|CS|TAMS 0x000000008d100000, 0x000000008d100000| Complete 
| 132|0x000000008d200000, 0x000000008d300000, 0x000000008d300000|100%| E|CS|TAMS 0x000000008d200000, 0x000000008d200000| Complete 
| 133|0x000000008d300000, 0x000000008d400000, 0x000000008d400000|100%| E|CS|TAMS 0x000000008d300000, 0x000000008d300000| Complete 
| 134|0x000000008d400000, 0x000000008d500000, 0x000000008d500000|100%| E|CS|TAMS 0x000000008d400000, 0x000000008d400000| Complete 
| 135|0x000000008d500000, 0x000000008d600000, 0x000000008d600000|100%| E|CS|TAMS 0x000000008d500000, 0x000000008d500000| Complete 
| 136|0x000000008d600000, 0x000000008d700000, 0x000000008d700000|100%| E|CS|TAMS 0x000000008d600000, 0x000000008d600000| Complete 
| 137|0x000000008d700000, 0x000000008d800000, 0x000000008d800000|100%| E|CS|TAMS 0x000000008d700000, 0x000000008d700000| Complete 
| 138|0x000000008d800000, 0x000000008d900000, 0x000000008d900000|100%| E|CS|TAMS 0x000000008d800000, 0x000000008d800000| Complete 
| 139|0x000000008d900000, 0x000000008da00000, 0x000000008da00000|100%| E|CS|TAMS 0x000000008d900000, 0x000000008d900000| Complete 
| 140|0x000000008da00000, 0x000000008db00000, 0x000000008db00000|100%| E|CS|TAMS 0x000000008da00000, 0x000000008da00000| Complete 
| 141|0x000000008db00000, 0x000000008dc00000, 0x000000008dc00000|100%| E|CS|TAMS 0x000000008db00000, 0x000000008db00000| Complete 
| 142|0x000000008dc00000, 0x000000008dd00000, 0x000000008dd00000|100%| E|CS|TAMS 0x000000008dc00000, 0x000000008dc00000| Complete 
| 143|0x000000008dd00000, 0x000000008de00000, 0x000000008de00000|100%| E|CS|TAMS 0x000000008dd00000, 0x000000008dd00000| Complete 
| 144|0x000000008de00000, 0x000000008df00000, 0x000000008df00000|100%| E|CS|TAMS 0x000000008de00000, 0x000000008de00000| Complete 
| 145|0x000000008df00000, 0x000000008e000000, 0x000000008e000000|100%| E|CS|TAMS 0x000000008df00000, 0x000000008df00000| Complete 
| 146|0x000000008e000000, 0x000000008e100000, 0x000000008e100000|100%| E|CS|TAMS 0x000000008e000000, 0x000000008e000000| Complete 
|1967|0x00000000ffd00000, 0x00000000ffe00000, 0x00000000ffe00000|100%| O|  |TAMS 0x00000000ffe00000, 0x00000000ffd00000| Untracked 
|1968|0x00000000ffe00000, 0x00000000fff00000, 0x00000000fff00000|100%| O|  |TAMS 0x00000000fff00000, 0x00000000ffe00000| Untracked 
|1969|0x00000000fff00000, 0x0000000100000000, 0x0000000100000000|100%| O|  |TAMS 0x0000000100000000, 0x00000000fff00000| Untracked 

Card table byte_map: [0x000001e8c8f10000,0x000001e8c92f0000] _byte_map_base: 0x000001e8c8ae9000

Marking Bits (Prev, Next): (CMBitMap*) 0x000001e8b1d7bdf0, (CMBitMap*) 0x000001e8b1d7bdb0
 Prev Bits: [0x000001e8cb5a0000, 0x000001e8cd468000)
 Next Bits: [0x000001e8c96d0000, 0x000001e8cb598000)

Polling page: 0x000001e8b0070000

Metaspace:

Usage:
  Non-class:     29.07 MB used.
      Class:      3.67 MB used.
       Both:     32.75 MB used.

Virtual space:
  Non-class space:       64.00 MB reserved,      29.31 MB ( 46%) committed,  1 nodes.
      Class space:        1.00 GB reserved,       3.81 MB ( <1%) committed,  1 nodes.
             Both:        1.06 GB reserved,      33.12 MB (  3%) committed. 

Chunk freelists:
   Non-Class:  2.28 MB
       Class:  12.12 MB
        Both:  14.41 MB

MaxMetaspaceSize: unlimited
CompressedClassSpaceSize: 1.00 GB
Initial GC threshold: 21.00 MB
Current GC threshold: 51.56 MB
CDS: on
MetaspaceReclaimPolicy: balanced
 - commit_granule_bytes: 65536.
 - commit_granule_words: 8192.
 - virtual_space_node_default_size: 8388608.
 - enlarge_chunks_in_place: 1.
 - new_chunks_are_fully_committed: 0.
 - uncommit_free_chunks: 1.
 - use_allocation_guard: 0.
 - handle_deallocations: 1.


Internal statistics:

num_allocs_failed_limit: 6.
num_arena_births: 230.
num_arena_deaths: 0.
num_vsnodes_births: 2.
num_vsnodes_deaths: 0.
num_space_committed: 530.
num_space_uncommitted: 0.
num_chunks_returned_to_freelist: 6.
num_chunks_taken_from_freelist: 1500.
num_chunk_merges: 6.
num_chunk_splits: 1053.
num_chunks_enlarged: 812.
num_inconsistent_stats: 0.

CodeHeap 'non-profiled nmethods': size=120000Kb used=4764Kb max_used=4764Kb free=115235Kb
 bounds [0x000001e8c10b0000, 0x000001e8c1570000, 0x000001e8c85e0000]
CodeHeap 'profiled nmethods': size=120000Kb used=17881Kb max_used=18843Kb free=102118Kb
 bounds [0x000001e8b95e0000, 0x000001e8ba860000, 0x000001e8c0b10000]
CodeHeap 'non-nmethods': size=5760Kb used=1219Kb max_used=1271Kb free=4540Kb
 bounds [0x000001e8c0b10000, 0x000001e8c0d80000, 0x000001e8c10b0000]
 total_blobs=8222 nmethods=7696 adapters=438
 compilation: enabled
              stopped_count=0, restarted_count=0
 full_count=0

Compilation events (20 events):
Event: 127.323 Thread 0x000001e8d00b84b0 nmethod 9404 0x000001e8ba053110 code [0x000001e8ba0532e0, 0x000001e8ba0537e8]
Event: 127.323 Thread 0x000001e8d00b84b0 9405       3       sun.net.www.protocol.jar.JarURLConnection::setUseCaches (9 bytes)
Event: 127.323 Thread 0x000001e8d00b84b0 nmethod 9405 0x000001e8ba069410 code [0x000001e8ba0695c0, 0x000001e8ba069788]
Event: 127.323 Thread 0x000001e8d00b84b0 9406       3       org.eclipse.sisu.space.Streams::open (26 bytes)
Event: 127.324 Thread 0x000001e8d00b84b0 nmethod 9406 0x000001e8ba14f090 code [0x000001e8ba14f260, 0x000001e8ba14f628]
Event: 127.358 Thread 0x000001e8d00af510 9407 %     4       java.util.zip.ZipFile$Source::initCEN @ 240 (591 bytes)
Event: 127.538 Thread 0x000001e8d00b84b0 9408       3       java.io.RandomAccessFile::open (7 bytes)
Event: 127.539 Thread 0x000001e8d00b84b0 nmethod 9408 0x000001e8b9b6d890 code [0x000001e8b9b6da20, 0x000001e8b9b6db68]
Event: 127.681 Thread 0x000001e8d00b84b0 9412       3       java.lang.Integer::compareTo (12 bytes)
Event: 127.682 Thread 0x000001e8d00b84b0 nmethod 9412 0x000001e8ba2f8f10 code [0x000001e8ba2f90c0, 0x000001e8ba2f9318]
Event: 127.805 Thread 0x000001e8d00b84b0 9413       3       java.util.jar.JarFile::getEntry (35 bytes)
Event: 127.806 Thread 0x000001e8d00b84b0 nmethod 9413 0x000001e8ba35e790 code [0x000001e8ba35e980, 0x000001e8ba35ee18]
Event: 127.822 Thread 0x000001e8d00b84b0 9414       3       jdk.internal.loader.FileURLMapper::getPath (139 bytes)
Event: 127.825 Thread 0x000001e8d00b84b0 nmethod 9414 0x000001e8ba3c9610 code [0x000001e8ba3c9920, 0x000001e8ba3ca788]
Event: 127.836 Thread 0x000001e8d00b84b0 9415   !   3       jdk.internal.loader.URLClassPath$JarLoader::getResource (65 bytes)
Event: 127.838 Thread 0x000001e8d00b84b0 nmethod 9415 0x000001e8b9934210 code [0x000001e8b9934460, 0x000001e8b9934ee8]
Event: 127.855 Thread 0x000001e8d00b84b0 9416       3       org.eclipse.sisu.wire.DependencyAnalyzer::analyzeDependencies (76 bytes)
Event: 127.857 Thread 0x000001e8d00b84b0 nmethod 9416 0x000001e8ba2f0010 code [0x000001e8ba2f0260, 0x000001e8ba2f0b38]
Event: 127.860 Thread 0x000001e8d00b84b0 9417       3       com.google.common.collect.ImmutableSet::copyOf (99 bytes)
Event: 127.862 Thread 0x000001e8d00b84b0 nmethod 9417 0x000001e8ba452390 code [0x000001e8ba452620, 0x000001e8ba4534a8]

GC Heap History (20 events):
Event: 73.691 GC heap before
{Heap before GC invocations=10 (full 0):
 garbage-first heap   total 89088K, used 64000K [0x0000000084e00000, 0x0000000100000000)
  region size 1024K, 28 young (28672K), 4 survivors (4096K)
 Metaspace       used 28426K, committed 28736K, reserved 1114112K
  class space    used 3272K, committed 3392K, reserved 1048576K
}
Event: 73.718 GC heap after
{Heap after GC invocations=11 (full 0):
 garbage-first heap   total 89088K, used 41546K [0x0000000084e00000, 0x0000000100000000)
  region size 1024K, 1 young (1024K), 1 survivors (1024K)
 Metaspace       used 28426K, committed 28736K, reserved 1114112K
  class space    used 3272K, committed 3392K, reserved 1048576K
}
Event: 73.891 GC heap before
{Heap before GC invocations=11 (full 0):
 garbage-first heap   total 89088K, used 44618K [0x0000000084e00000, 0x0000000100000000)
  region size 1024K, 4 young (4096K), 1 survivors (1024K)
 Metaspace       used 28472K, committed 28800K, reserved 1114112K
  class space    used 3275K, committed 3456K, reserved 1048576K
}
Event: 73.903 GC heap after
{Heap after GC invocations=12 (full 0):
 garbage-first heap   total 89088K, used 41391K [0x0000000084e00000, 0x0000000100000000)
  region size 1024K, 1 young (1024K), 1 survivors (1024K)
 Metaspace       used 28472K, committed 28800K, reserved 1114112K
  class space    used 3275K, committed 3456K, reserved 1048576K
}
Event: 75.423 GC heap before
{Heap before GC invocations=12 (full 0):
 garbage-first heap   total 89088K, used 66991K [0x0000000084e00000, 0x0000000100000000)
  region size 1024K, 26 young (26624K), 1 survivors (1024K)
 Metaspace       used 28640K, committed 28992K, reserved 1114112K
  class space    used 3278K, committed 3456K, reserved 1048576K
}
Event: 75.437 GC heap after
{Heap after GC invocations=13 (full 0):
 garbage-first heap   total 89088K, used 42136K [0x0000000084e00000, 0x0000000100000000)
  region size 1024K, 2 young (2048K), 2 survivors (2048K)
 Metaspace       used 28640K, committed 28992K, reserved 1114112K
  class space    used 3278K, committed 3456K, reserved 1048576K
}
Event: 78.288 GC heap before
{Heap before GC invocations=14 (full 0):
 garbage-first heap   total 89088K, used 68760K [0x0000000084e00000, 0x0000000100000000)
  region size 1024K, 28 young (28672K), 2 survivors (2048K)
 Metaspace       used 28833K, committed 29184K, reserved 1114112K
  class space    used 3279K, committed 3456K, reserved 1048576K
}
Event: 78.300 GC heap after
{Heap after GC invocations=15 (full 0):
 garbage-first heap   total 89088K, used 41707K [0x0000000084e00000, 0x0000000100000000)
  region size 1024K, 1 young (1024K), 1 survivors (1024K)
 Metaspace       used 28833K, committed 29184K, reserved 1114112K
  class space    used 3279K, committed 3456K, reserved 1048576K
}
Event: 85.805 GC heap before
{Heap before GC invocations=15 (full 0):
 garbage-first heap   total 89088K, used 70379K [0x0000000084e00000, 0x0000000100000000)
  region size 1024K, 29 young (29696K), 1 survivors (1024K)
 Metaspace       used 31058K, committed 31360K, reserved 1114112K
  class space    used 3532K, committed 3712K, reserved 1048576K
}
Event: 85.830 GC heap after
{Heap after GC invocations=16 (full 0):
 garbage-first heap   total 89088K, used 43656K [0x0000000084e00000, 0x0000000100000000)
  region size 1024K, 3 young (3072K), 3 survivors (3072K)
 Metaspace       used 31058K, committed 31360K, reserved 1114112K
  class space    used 3532K, committed 3712K, reserved 1048576K
}
Event: 93.261 GC heap before
{Heap before GC invocations=17 (full 0):
 garbage-first heap   total 89088K, used 62088K [0x0000000084e00000, 0x0000000100000000)
  region size 1024K, 23 young (23552K), 3 survivors (3072K)
 Metaspace       used 31344K, committed 31680K, reserved 1114112K
  class space    used 3544K, committed 3712K, reserved 1048576K
}
Event: 93.310 GC heap after
{Heap after GC invocations=18 (full 0):
 garbage-first heap   total 89088K, used 44762K [0x0000000084e00000, 0x0000000100000000)
  region size 1024K, 2 young (2048K), 2 survivors (2048K)
 Metaspace       used 31344K, committed 31680K, reserved 1114112K
  class space    used 3544K, committed 3712K, reserved 1048576K
}
Event: 97.365 GC heap before
{Heap before GC invocations=19 (full 0):
 garbage-first heap   total 89088K, used 72410K [0x0000000084e00000, 0x0000000100000000)
  region size 1024K, 28 young (28672K), 2 survivors (2048K)
 Metaspace       used 31401K, committed 31744K, reserved 1114112K
  class space    used 3544K, committed 3712K, reserved 1048576K
}
Event: 97.485 GC heap after
{Heap after GC invocations=20 (full 0):
 garbage-first heap   total 89088K, used 56837K [0x0000000084e00000, 0x0000000100000000)
  region size 1024K, 4 young (4096K), 4 survivors (4096K)
 Metaspace       used 31401K, committed 31744K, reserved 1114112K
  class space    used 3544K, committed 3712K, reserved 1048576K
}
Event: 97.668 GC heap before
{Heap before GC invocations=20 (full 0):
 garbage-first heap   total 89088K, used 57861K [0x0000000084e00000, 0x0000000100000000)
  region size 1024K, 5 young (5120K), 4 survivors (4096K)
 Metaspace       used 31401K, committed 31744K, reserved 1114112K
  class space    used 3544K, committed 3712K, reserved 1048576K
}
Event: 97.709 GC heap after
{Heap after GC invocations=21 (full 0):
 garbage-first heap   total 153600K, used 52821K [0x0000000084e00000, 0x0000000100000000)
  region size 1024K, 1 young (1024K), 1 survivors (1024K)
 Metaspace       used 31401K, committed 31744K, reserved 1114112K
  class space    used 3544K, committed 3712K, reserved 1048576K
}
Event: 108.696 GC heap before
{Heap before GC invocations=21 (full 0):
 garbage-first heap   total 153600K, used 96853K [0x0000000084e00000, 0x0000000100000000)
  region size 1024K, 45 young (46080K), 1 survivors (1024K)
 Metaspace       used 32581K, committed 32960K, reserved 1114112K
  class space    used 3684K, committed 3840K, reserved 1048576K
}
Event: 108.738 GC heap after
{Heap after GC invocations=22 (full 0):
 garbage-first heap   total 153600K, used 59392K [0x0000000084e00000, 0x0000000100000000)
  region size 1024K, 6 young (6144K), 6 survivors (6144K)
 Metaspace       used 32581K, committed 32960K, reserved 1114112K
  class space    used 3684K, committed 3840K, reserved 1048576K
}
Event: 115.109 GC heap before
{Heap before GC invocations=22 (full 0):
 garbage-first heap   total 153600K, used 103424K [0x0000000084e00000, 0x0000000100000000)
  region size 1024K, 49 young (50176K), 6 survivors (6144K)
 Metaspace       used 32996K, committed 33408K, reserved 1114112K
  class space    used 3718K, committed 3904K, reserved 1048576K
}
Event: 115.157 GC heap after
{Heap after GC invocations=23 (full 0):
 garbage-first heap   total 153600K, used 63602K [0x0000000084e00000, 0x0000000100000000)
  region size 1024K, 4 young (4096K), 4 survivors (4096K)
 Metaspace       used 32996K, committed 33408K, reserved 1114112K
  class space    used 3718K, committed 3904K, reserved 1048576K
}

Deoptimization events (20 events):
Event: 123.439 Thread 0x000001e8b1d204a0 Uncommon trap: trap_request=0xffffff45 fr.pc=0x000001e8c149b898 relative=0x00000000000033f8
Event: 123.439 Thread 0x000001e8b1d204a0 Uncommon trap: reason=unstable_if action=reinterpret pc=0x000001e8c149b898 method=org.codehaus.plexus.interpolation.util.StringUtils.capitalizeFirstLetter(Ljava/lang/String;)Ljava/lang/String; @ 13 c2
Event: 123.439 Thread 0x000001e8b1d204a0 DEOPT PACKING pc=0x000001e8c149b898 sp=0x00000068d6dfbda0
Event: 123.439 Thread 0x000001e8b1d204a0 DEOPT UNPACKING pc=0x000001e8c0b623a3 sp=0x00000068d6dfbd18 mode 2
Event: 123.539 Thread 0x000001e8b1d204a0 Uncommon trap: trap_request=0xffffffde fr.pc=0x000001e8c10fd0c0 relative=0x0000000000000ea0
Event: 123.539 Thread 0x000001e8b1d204a0 Uncommon trap: reason=class_check action=maybe_recompile pc=0x000001e8c10fd0c0 method=java.util.concurrent.ConcurrentHashMap.putVal(Ljava/lang/Object;Ljava/lang/Object;Z)Ljava/lang/Object; @ 242 c2
Event: 123.539 Thread 0x000001e8b1d204a0 DEOPT PACKING pc=0x000001e8c10fd0c0 sp=0x00000068d6dfc5b0
Event: 123.539 Thread 0x000001e8b1d204a0 DEOPT UNPACKING pc=0x000001e8c0b623a3 sp=0x00000068d6dfc520 mode 2
Event: 125.868 Thread 0x000001e8b1d204a0 DEOPT PACKING pc=0x000001e8ba7c8d5f sp=0x00000068d6dfc7b0
Event: 125.868 Thread 0x000001e8b1d204a0 DEOPT UNPACKING pc=0x000001e8c0b62b43 sp=0x00000068d6dfbd40 mode 0
Event: 126.812 Thread 0x000001e8b1d204a0 DEOPT PACKING pc=0x000001e8b963a63c sp=0x00000068d6dfbb80
Event: 126.812 Thread 0x000001e8b1d204a0 DEOPT UNPACKING pc=0x000001e8c0b62b43 sp=0x00000068d6dfb100 mode 0
Event: 127.085 Thread 0x000001e8b1d204a0 Uncommon trap: trap_request=0xffffff45 fr.pc=0x000001e8c10f3448 relative=0x0000000000003428
Event: 127.085 Thread 0x000001e8b1d204a0 Uncommon trap: reason=unstable_if action=reinterpret pc=0x000001e8c10f3448 method=java.util.jar.JarFile.getVersionedEntry(Ljava/lang/String;Ljava/util/jar/JarEntry;)Ljava/util/jar/JarEntry; @ 57 c2
Event: 127.085 Thread 0x000001e8b1d204a0 DEOPT PACKING pc=0x000001e8c10f3448 sp=0x00000068d6dfc750
Event: 127.085 Thread 0x000001e8b1d204a0 DEOPT UNPACKING pc=0x000001e8c0b623a3 sp=0x00000068d6dfc638 mode 2
Event: 127.671 Thread 0x000001e8b1d204a0 Uncommon trap: trap_request=0xffffff45 fr.pc=0x000001e8c115ce94 relative=0x0000000000002954
Event: 127.671 Thread 0x000001e8b1d204a0 Uncommon trap: reason=unstable_if action=reinterpret pc=0x000001e8c115ce94 method=java.util.jar.JarFile.getVersionedEntry(Ljava/lang/String;Ljava/util/jar/JarEntry;)Ljava/util/jar/JarEntry; @ 57 c2
Event: 127.671 Thread 0x000001e8b1d204a0 DEOPT PACKING pc=0x000001e8c115ce94 sp=0x00000068d6dfc960
Event: 127.672 Thread 0x000001e8b1d204a0 DEOPT UNPACKING pc=0x000001e8c0b623a3 sp=0x00000068d6dfc920 mode 2

Classes unloaded (0 events):
No events

Classes redefined (0 events):
No events

Internal exceptions (20 events):
Event: 109.638 Thread 0x000001e8b1d204a0 Exception <a 'sun/nio/fs/WindowsException'{0x000000008daecf98}> (0x000000008daecf98) 
thrown [s\open\src\hotspot\share\prims\jni.cpp, line 516]
Event: 109.639 Thread 0x000001e8b1d204a0 Exception <a 'sun/nio/fs/WindowsException'{0x000000008daed358}> (0x000000008daed358) 
thrown [s\open\src\hotspot\share\prims\jni.cpp, line 516]
Event: 109.639 Thread 0x000001e8b1d204a0 Exception <a 'sun/nio/fs/WindowsException'{0x000000008daee988}> (0x000000008daee988) 
thrown [s\open\src\hotspot\share\prims\jni.cpp, line 516]
Event: 109.639 Thread 0x000001e8b1d204a0 Exception <a 'sun/nio/fs/WindowsException'{0x000000008daeed70}> (0x000000008daeed70) 
thrown [s\open\src\hotspot\share\prims\jni.cpp, line 516]
Event: 109.685 Thread 0x000001e8b1d204a0 Exception <a 'sun/nio/fs/WindowsException'{0x000000008d82e148}> (0x000000008d82e148) 
thrown [s\open\src\hotspot\share\prims\jni.cpp, line 516]
Event: 109.685 Thread 0x000001e8b1d204a0 Exception <a 'sun/nio/fs/WindowsException'{0x000000008d82e508}> (0x000000008d82e508) 
thrown [s\open\src\hotspot\share\prims\jni.cpp, line 516]
Event: 109.686 Thread 0x000001e8b1d204a0 Exception <a 'sun/nio/fs/WindowsException'{0x000000008d82fb38}> (0x000000008d82fb38) 
thrown [s\open\src\hotspot\share\prims\jni.cpp, line 516]
Event: 109.686 Thread 0x000001e8b1d204a0 Exception <a 'sun/nio/fs/WindowsException'{0x000000008d82ff20}> (0x000000008d82ff20) 
thrown [s\open\src\hotspot\share\prims\jni.cpp, line 516]
Event: 109.700 Thread 0x000001e8b1d204a0 Exception <a 'sun/nio/fs/WindowsException'{0x000000008d892040}> (0x000000008d892040) 
thrown [s\open\src\hotspot\share\prims\jni.cpp, line 516]
Event: 109.700 Thread 0x000001e8b1d204a0 Exception <a 'sun/nio/fs/WindowsException'{0x000000008d892400}> (0x000000008d892400) 
thrown [s\open\src\hotspot\share\prims\jni.cpp, line 516]
Event: 109.701 Thread 0x000001e8b1d204a0 Exception <a 'sun/nio/fs/WindowsException'{0x000000008d8934e0}> (0x000000008d8934e0) 
thrown [s\open\src\hotspot\share\prims\jni.cpp, line 516]
Event: 109.701 Thread 0x000001e8b1d204a0 Exception <a 'sun/nio/fs/WindowsException'{0x000000008d8938c8}> (0x000000008d8938c8) 
thrown [s\open\src\hotspot\share\prims\jni.cpp, line 516]
Event: 115.268 Thread 0x000001e8b1d204a0 Exception <a 'sun/nio/fs/WindowsException'{0x000000008dfc4248}> (0x000000008dfc4248) 
thrown [s\open\src\hotspot\share\prims\jni.cpp, line 516]
Event: 115.268 Thread 0x000001e8b1d204a0 Exception <a 'sun/nio/fs/WindowsException'{0x000000008dfc4698}> (0x000000008dfc4698) 
thrown [s\open\src\hotspot\share\prims\jni.cpp, line 516]
Event: 115.269 Thread 0x000001e8b1d204a0 Exception <a 'sun/nio/fs/WindowsException'{0x000000008dfc6140}> (0x000000008dfc6140) 
thrown [s\open\src\hotspot\share\prims\jni.cpp, line 516]
Event: 115.269 Thread 0x000001e8b1d204a0 Exception <a 'sun/nio/fs/WindowsException'{0x000000008dfc6578}> (0x000000008dfc6578) 
thrown [s\open\src\hotspot\share\prims\jni.cpp, line 516]
Event: 115.270 Thread 0x000001e8b1d204a0 Exception <a 'sun/nio/fs/WindowsException'{0x000000008dfcaf58}> (0x000000008dfcaf58) 
thrown [s\open\src\hotspot\share\prims\jni.cpp, line 516]
Event: 115.270 Thread 0x000001e8b1d204a0 Exception <a 'sun/nio/fs/WindowsException'{0x000000008dfcb340}> (0x000000008dfcb340) 
thrown [s\open\src\hotspot\share\prims\jni.cpp, line 516]
Event: 115.271 Thread 0x000001e8b1d204a0 Exception <a 'sun/nio/fs/WindowsException'{0x000000008dfd20e8}> (0x000000008dfd20e8) 
thrown [s\open\src\hotspot\share\prims\jni.cpp, line 516]
Event: 115.271 Thread 0x000001e8b1d204a0 Exception <a 'sun/nio/fs/WindowsException'{0x000000008dfd2518}> (0x000000008dfd2518) 
thrown [s\open\src\hotspot\share\prims\jni.cpp, line 516]

VM Operations (20 events):
Event: 119.197 Executing VM operation: Cleanup
Event: 119.198 Executing VM operation: Cleanup done
Event: 120.207 Executing VM operation: Cleanup
Event: 120.207 Executing VM operation: Cleanup done
Event: 120.380 Executing VM operation: HandshakeAllThreads
Event: 120.382 Executing VM operation: HandshakeAllThreads done
Event: 121.388 Executing VM operation: Cleanup
Event: 121.389 Executing VM operation: Cleanup done
Event: 122.396 Executing VM operation: Cleanup
Event: 122.396 Executing VM operation: Cleanup done
Event: 123.414 Executing VM operation: Cleanup
Event: 123.414 Executing VM operation: Cleanup done
Event: 124.429 Executing VM operation: Cleanup
Event: 124.429 Executing VM operation: Cleanup done
Event: 125.442 Executing VM operation: Cleanup
Event: 125.459 Executing VM operation: Cleanup done
Event: 126.464 Executing VM operation: Cleanup
Event: 126.464 Executing VM operation: Cleanup done
Event: 127.478 Executing VM operation: Cleanup
Event: 127.478 Executing VM operation: Cleanup done

Events (20 events):
Event: 108.060 Thread 0x000001e8d00c3a20 flushing nmethod 0x000001e8ba48b790
Event: 108.061 Thread 0x000001e8d00c3a20 flushing nmethod 0x000001e8ba4b1b90
Event: 108.061 Thread 0x000001e8d00c3a20 flushing nmethod 0x000001e8ba4b5d90
Event: 108.061 Thread 0x000001e8d00c3a20 flushing nmethod 0x000001e8ba4d6010
Event: 108.061 Thread 0x000001e8d00c3a20 flushing nmethod 0x000001e8ba4ee990
Event: 108.061 Thread 0x000001e8d00c3a20 flushing nmethod 0x000001e8ba50f590
Event: 108.061 Thread 0x000001e8d00c3a20 flushing nmethod 0x000001e8ba526310
Event: 108.061 Thread 0x000001e8d00c3a20 flushing nmethod 0x000001e8ba536510
Event: 108.062 Thread 0x000001e8d00c3a20 flushing nmethod 0x000001e8ba55e110
Event: 108.063 Thread 0x000001e8d00c3a20 flushing nmethod 0x000001e8ba600690
Event: 108.063 Thread 0x000001e8d00c3a20 flushing nmethod 0x000001e8ba607690
Event: 108.063 Thread 0x000001e8d00c3a20 flushing nmethod 0x000001e8ba65b290
Event: 108.064 Thread 0x000001e8d00c3a20 flushing nmethod 0x000001e8ba65cf10
Event: 108.064 Thread 0x000001e8d00c3a20 flushing nmethod 0x000001e8ba689f90
Event: 108.065 Thread 0x000001e8d00c3a20 flushing nmethod 0x000001e8ba74c990
Event: 108.066 Thread 0x000001e8d00c3a20 flushing nmethod 0x000001e8ba7c2e90
Event: 108.066 Thread 0x000001e8d00c3a20 flushing nmethod 0x000001e8ba7fa210
Event: 108.067 Thread 0x000001e8d00c3a20 flushing nmethod 0x000001e8ba83e310
Event: 108.067 Thread 0x000001e8d00c3a20 flushing nmethod 0x000001e8ba83ec10
Event: 108.067 Thread 0x000001e8d00c3a20 flushing nmethod 0x000001e8ba83f010


Dynamic libraries:
0x00007ff704860000 - 0x00007ff704870000 	C:\Program Files\Java\jdk-17\bin\java.exe
0x00007ff9b9d40000 - 0x00007ff9b9fa7000 	C:\Windows\SYSTEM32\ntdll.dll
0x00007ff9b7e20000 - 0x00007ff9b7eeb000 	C:\Windows\System32\KERNEL32.DLL
0x00007ff9b7320000 - 0x00007ff9b7722000 	C:\Windows\System32\KERNELBASE.dll
0x00007ff9b6f40000 - 0x00007ff9b708c000 	C:\Windows\System32\ucrtbase.dll
0x00007ff9a1950000 - 0x00007ff9a1969000 	C:\Program Files\Java\jdk-17\bin\jli.dll
0x00007ff9b8b30000 - 0x00007ff9b8bec000 	C:\Windows\System32\ADVAPI32.dll
0x00007ff9b8e60000 - 0x00007ff9b8f09000 	C:\Windows\System32\msvcrt.dll
0x00007ff9b9740000 - 0x00007ff9b97e9000 	C:\Windows\System32\sechost.dll
0x00007ff9b9b50000 - 0x00007ff9b9c68000 	C:\Windows\System32\RPCRT4.dll
0x00007ff9b7f40000 - 0x00007ff9b810f000 	C:\Windows\System32\USER32.dll
0x00007ff9b7a30000 - 0x00007ff9b7a57000 	C:\Windows\System32\win32u.dll
0x00007ff9b7a60000 - 0x00007ff9b7a8b000 	C:\Windows\System32\GDI32.dll
0x00007ff9b71f0000 - 0x00007ff9b7319000 	C:\Windows\System32\gdi32full.dll
0x00007ff9b78c0000 - 0x00007ff9b7963000 	C:\Windows\System32\msvcp_win.dll
0x00007ff9b3350000 - 0x00007ff9b336b000 	C:\Program Files\Java\jdk-17\bin\VCRUNTIME140.dll
0x00007ff99aa60000 - 0x00007ff99acf0000 	C:\Windows\WinSxS\amd64_microsoft.windows.common-controls_6595b64144ccf1df_6.0.26100.9278_none_3e0d1ba8e3303201\COMCTL32.dll
0x00007ff9a7b10000 - 0x00007ff9a7b1b000 	C:\Windows\SYSTEM32\VERSION.dll
0x00007ff9b9630000 - 0x00007ff9b9661000 	C:\Windows\System32\IMM32.DLL
0x00007ff9b3390000 - 0x00007ff9b339c000 	C:\Program Files\Java\jdk-17\bin\vcruntime140_1.dll
0x00007ff99b6d0000 - 0x00007ff99b75e000 	C:\Program Files\Java\jdk-17\bin\msvcp140.dll
0x00007ff8d4fa0000 - 0x00007ff8d5b80000 	C:\Program Files\Java\jdk-17\bin\server\jvm.dll
0x00007ff9b97f0000 - 0x00007ff9b97f8000 	C:\Windows\System32\PSAPI.DLL
0x00007ff9b33a0000 - 0x00007ff9b33aa000 	C:\Windows\SYSTEM32\WSOCK32.dll
0x00007ff9b8140000 - 0x00007ff9b81c0000 	C:\Windows\System32\WS2_32.dll
0x00007ff9ad070000 - 0x00007ff9ad0a6000 	C:\Windows\SYSTEM32\WINMM.dll
0x00007ff9b5c10000 - 0x00007ff9b5c2b000 	C:\Windows\SYSTEM32\kernel.appcore.dll
0x00007ff9a74b0000 - 0x00007ff9a74ba000 	C:\Program Files\Java\jdk-17\bin\jimage.dll
0x00007ff9b4390000 - 0x00007ff9b45dc000 	C:\Windows\SYSTEM32\DBGHELP.DLL
0x00007ff9b7a90000 - 0x00007ff9b7e15000 	C:\Windows\System32\combase.dll
0x00007ff9b8c20000 - 0x00007ff9b8cf9000 	C:\Windows\System32\OLEAUT32.dll
0x00007ff98edd0000 - 0x00007ff98ee0b000 	C:\Windows\SYSTEM32\dbgcore.DLL
0x00007ff9b7970000 - 0x00007ff9b7a1c000 	C:\Windows\System32\bcryptPrimitives.dll
0x00007ff9a6630000 - 0x00007ff9a6655000 	C:\Program Files\Java\jdk-17\bin\java.dll
0x00007ff936ed0000 - 0x00007ff936fa7000 	C:\Program Files\Java\jdk-17\bin\jsvml.dll
0x00007ff9b81d0000 - 0x00007ff9b8968000 	C:\Windows\System32\SHELL32.dll
0x00007ff9b4970000 - 0x00007ff9b521e000 	C:\Windows\SYSTEM32\windows.storage.dll
0x00007ff9b8970000 - 0x00007ff9b8a6b000 	C:\Windows\System32\SHCORE.dll
0x00007ff9b9ae0000 - 0x00007ff9b9b46000 	C:\Windows\System32\shlwapi.dll
0x00007ff9b6e60000 - 0x00007ff9b6e89000 	C:\Windows\SYSTEM32\profapi.dll
0x00007ff9a73f0000 - 0x00007ff9a7409000 	C:\Program Files\Java\jdk-17\bin\net.dll
0x00007ff9af320000 - 0x00007ff9af44a000 	C:\Windows\SYSTEM32\WINHTTP.dll
0x00007ff9b61d0000 - 0x00007ff9b623c000 	C:\Windows\system32\mswsock.dll
0x00007ff9a1a10000 - 0x00007ff9a1a26000 	C:\Program Files\Java\jdk-17\bin\nio.dll
0x00007ff9a1840000 - 0x00007ff9a1858000 	C:\Program Files\Java\jdk-17\bin\zip.dll
0x00007ff99bb70000 - 0x00007ff99bb94000 	C:\Users\guilh\.m2\wrapper\dists\apache-maven-3.9.16\0daed3be3ebd1c706f0e69e8b07c6b73f5cc4ea3dfce72a8d0ec2e849ca2ddb0\lib\jansi-native\Windows\x86_64\jansi.dll
0x00007ff9a74a0000 - 0x00007ff9a74b0000 	C:\Program Files\Java\jdk-17\bin\verify.dll

dbghelp: loaded successfully - version: 4.0.5 - missing functions: none
symbol engine: initialized successfully - sym options: 0x614 - pdb path: .;C:\Program Files\Java\jdk-17\bin;C:\Windows\SYSTEM32;C:\Windows\WinSxS\amd64_microsoft.windows.common-controls_6595b64144ccf1df_6.0.26100.9278_none_3e0d1ba8e3303201;C:\Program Files\Java\jdk-17\bin\server;C:\Users\guilh\.m2\wrapper\dists\apache-maven-3.9.16\0daed3be3ebd1c706f0e69e8b07c6b73f5cc4ea3dfce72a8d0ec2e849ca2ddb0\lib\jansi-native\Windows\x86_64

VM Arguments:
jvm_args: --enable-native-access=ALL-UNNAMED -Dclassworlds.conf=C:\Users\guilh\.m2\wrapper\dists\apache-maven-3.9.16\0daed3be3ebd1c706f0e69e8b07c6b73f5cc4ea3dfce72a8d0ec2e849ca2ddb0\bin\m2.conf -Dmaven.home=C:\Users\guilh\.m2\wrapper\dists\apache-maven-3.9.16\0daed3be3ebd1c706f0e69e8b07c6b73f5cc4ea3dfce72a8d0ec2e849ca2ddb0 -Dlibrary.jansi.path=C:\Users\guilh\.m2\wrapper\dists\apache-maven-3.9.16\0daed3be3ebd1c706f0e69e8b07c6b73f5cc4ea3dfce72a8d0ec2e849ca2ddb0\lib\jansi-native -Dmaven.multiModuleProjectDirectory=C:\Users\guilh\Desktop\Graficos\ProjectAPI_ThirdSemester\backend\ms-operacoes 
java_command: org.codehaus.plexus.classworlds.launcher.Launcher spring-boot:run
java_class_path (initial): C:\Users\guilh\.m2\wrapper\dists\apache-maven-3.9.16\0daed3be3ebd1c706f0e69e8b07c6b73f5cc4ea3dfce72a8d0ec2e849ca2ddb0\boot\plexus-classworlds-2.11.0.jar
Launcher Type: SUN_STANDARD

[Global flags]
     intx CICompilerCount                          = 4                                         {product} {ergonomic}
     uint ConcGCThreads                            = 3                                         {product} {ergonomic}
     uint G1ConcRefinementThreads                  = 10                                        {product} {ergonomic}
   size_t G1HeapRegionSize                         = 1048576                                   {product} {ergonomic}
    uintx GCDrainStackTargetSize                   = 64                                        {product} {ergonomic}
   size_t InitialHeapSize                          = 130023424                                 {product} {ergonomic}
   size_t MarkStackSize                            = 4194304                                   {product} {ergonomic}
   size_t MaxHeapSize                              = 2065694720                                {product} {ergonomic}
   size_t MaxNewSize                               = 1239416832                                {product} {ergonomic}
   size_t MinHeapDeltaBytes                        = 1048576                                   {product} {ergonomic}
   size_t MinHeapSize                              = 8388608                                   {product} {ergonomic}
    uintx NonNMethodCodeHeapSize                   = 5839372                                {pd product} {ergonomic}
    uintx NonProfiledCodeHeapSize                  = 122909434                              {pd product} {ergonomic}
    uintx ProfiledCodeHeapSize                     = 122909434                              {pd product} {ergonomic}
    uintx ReservedCodeCacheSize                    = 251658240                              {pd product} {ergonomic}
     bool SegmentedCodeCache                       = true                                      {product} {ergonomic}
   size_t SoftMaxHeapSize                          = 2065694720                             {manageable} {ergonomic}
     bool UseCompressedClassPointers               = true                           {product lp64_product} {ergonomic}
     bool UseCompressedOops                        = true                           {product lp64_product} {ergonomic}
     bool UseG1GC                                  = true                                      {product} {ergonomic}
     bool UseLargePagesIndividualAllocation        = false                                  {pd product} {ergonomic}

Logging:
Log output configuration:
 #0: stdout all=warning uptime,level,tags
 #1: stderr all=off uptime,level,tags

Environment Variables:
JAVA_HOME=C:\Program Files\Java\jdk-17
PATH=C:\Program Files\Java\jdk-17\bin;C:\Program Files\Java\jdk-17\bin;C:\Program Files\Common Files\Oracle\Java\javapath;C:\Windows\system32;C:\Windows;C:\Windows\System32\Wbem;C:\Windows\System32\WindowsPowerShell\v1.0\;C:\Windows\System32\OpenSSH\;C:\Program Files\Git\cmd;C:\MinGW\bin;C:\ProgramData\UNIVALI\Portugol Studio;C:\Program Files\nodejs\;C:\Program Files\dotnet\;C:\MinGW\bin;C:\Program Files\Java\jdk-17\bin;C:\Program Files\Common Files\Oracle\Java\javapath;C:\Windows\system32;C:\Windows;C:\Windows\System32\Wbem;C:\Windows\System32\WindowsPowerShell\v1.0\;C:\Windows\System32\OpenSSH\;C:\Program Files\Git\cmd;C:\MinGW\bin;;C:\ProgramData\UNIVALI\Portugol Studio;C:\Program Files\nodejs\;C:\Program Files\dotnet\;\\?\C:\Users\guilh\AppData\Local\Programs\Jan\resources\bin;C:\Program Files (x86)\Common Files\Oracle\Java\java8path;C:\Program Files (x86)\Common Files\Oracle\Java\javapath;C:\Users\guilh\AppData\Local\Programs\Python\Python314\Scripts\;C:\Users\guilh\AppData\Local\Programs\Python\Python314\;C:\Users\guilh\AppData\Local\Programs\Python\Launcher\;C:\Program Files\MySQL\MySQL Shell 8.0\bin\;C:\Users\guilh\AppData\Local\Microsoft\WindowsApps;C:\Users\guilh\AppData\Local\Programs\Microsoft VS Code\bin;C:\Program Files (x86)\Steam\ext\bin;C:\Users\guilh\.dotnet\tools;C:\Users\guilh\AppData\Local\Programs\DockerDesktop\resources\bin;C:\Users\guilh\AppData\Roaming\npm;C:\msys64\ucrt64\bin
USERNAME=guilh
LANG=pt_BR.UTF-8
OS=Windows_NT
PROCESSOR_IDENTIFIER=Intel64 Family 6 Model 186 Stepping 3, GenuineIntel



---------------  S Y S T E M  ---------------

OS:
 Windows 11 , 64 bit Build 26100 (10.0.26100.9444)
OS uptime: 2 days 14:29 hours
Hyper-V role detected

CPU: total 12 (initial active 12) (6 cores per cpu, 2 threads per core) family 6 model 186 stepping 3 microcode 0x411f, cx8, cmov, fxsr, ht, mmx, 3dnowpref, sse, sse2, sse3, ssse3, sse4.1, sse4.2, popcnt, lzcnt, tsc, tscinvbit, avx, avx2, aes, erms, clmul, bmi1, bmi2, adx, sha, fma, vzeroupper, clflush, clflushopt, clwb, hv

Memory: 4k page, system-wide physical 7875M (52M free)
TotalPageFile size 23875M (AvailPageFile size 24M)
current process WorkingSet (physical memory assigned to process): 167M, peak: 202M
current process commit charge ("private bytes"): 328M, peak: 336M

vm_info: Java HotSpot(TM) 64-Bit Server VM (17.0.12+8-LTS-286) for windows-amd64 JRE (17.0.12+8-LTS-286), built on Jun  5 2024 06:46:59 by "mach5one" with MS VC++ 17.6 (VS2022)

END.
